[themepure.net/html/arvilax-prev/index.html]
[backblue.gif]
[fade.gif]
[index.html]
[themepure.net/html/arvilax-prev/assets/img/favicon.png]
[themepure.net/html/arvilax-prev/assets/css/bootstrap.css]
[themepure.net/html/arvilax-prev/assets/css/meanmenu.css]
[themepure.net/html/arvilax-prev/assets/css/animate.css]
[themepure.net/html/arvilax-prev/assets/css/swiper-bundle.css]
[themepure.net/html/arvilax-prev/assets/css/slick.css]
[themepure.net/html/arvilax-prev/assets/css/backtotop.css]
[themepure.net/html/arvilax-prev/assets/css/magnific-popup.css]
[themepure.net/html/arvilax-prev/assets/css/nice-select.css]
[themepure.net/html/arvilax-prev/assets/css/ui-icon.css]
[themepure.net/html/arvilax-prev/assets/css/font-awesome-pro.css]
[themepure.net/html/arvilax-prev/assets/css/spacing.css]
[themepure.net/html/arvilax-prev/assets/css/style.css]
[themepure.net/html/arvilax-prev/index-2.html]
[themepure.net/html/arvilax-prev/assets/img/logo/logo.png]
[themepure.net/html/arvilax-prev/index-3.html]
[themepure.net/html/arvilax-prev/index-4.html]
[themepure.net/html/arvilax-prev/about.html]
[themepure.net/html/arvilax-prev/team.html]
[themepure.net/html/arvilax-prev/team-details.html]
[themepure.net/html/arvilax-prev/service.html]
[themepure.net/html/arvilax-prev/service-details.html]
[themepure.net/html/arvilax-prev/price.html]
[themepure.net/html/arvilax-prev/contact.html]
[themepure.net/html/arvilax-prev/faq.html]
[themepure.net/html/arvilax-prev/project.html]
[themepure.net/html/arvilax-prev/project-details.html]
[themepure.net/html/arvilax-prev/blog.html]
[themepure.net/html/arvilax-prev/blog-details.html]
[themepure.net/html/arvilax-prev/assets/img/bg/Sidearea-bg-img.png]
[themepure.net/html/arvilax-prev/assets/img/bg/hero-bg-1.2.jpg]
[themepure.net/html/arvilax-prev/assets/img/bg/hero-bg.jpg]
[themepure.net/html/arvilax-prev/assets/img/bg/hero-bg-1.jpg]
[themepure.net/html/arvilax-prev/assets/img/about/about.png]
[themepure.net/html/arvilax-prev/assets/img/gallery/gallery-1.jpg]
[themepure.net/html/arvilax-prev/assets/img/gallery/gallery-2.jpg]
[themepure.net/html/arvilax-prev/assets/img/gallery/gallery-3.jpg]
[themepure.net/html/arvilax-prev/assets/img/gallery/gl-4.jpg]
[themepure.net/html/arvilax-prev/assets/img/gallery/gl-5.jpg]
[themepure.net/html/arvilax-prev/assets/img/gallery/gl-6.jpg]
[themepure.net/html/arvilax-prev/assets/img/team/team-1.jpg]
[themepure.net/html/arvilax-prev/assets/img/team/team-2.jpg]
[themepure.net/html/arvilax-prev/assets/img/team/team-3.jpg]
[themepure.net/html/arvilax-prev/assets/img/team/team-4.jpg]
[themepure.net/html/arvilax-prev/assets/img/bg/bg-1.jpg]
[themepure.net/html/arvilax-prev/assets/img/bg/testimonial.jpg]
[themepure.net/html/arvilax-prev/assets/img/clinet/client-1.jpg]
[themepure.net/html/arvilax-prev/assets/img/clinet/client-2.png]
[themepure.net/html/arvilax-prev/assets/img/clinet/client-3.png]
[themepure.net/html/arvilax-prev/assets/img/clinet/client-4.png]
[themepure.net/html/arvilax-prev/assets/img/clinet/clinet-5.png]
[themepure.net/html/arvilax-prev/assets/img/blog/blog-1.jpg]
[themepure.net/html/arvilax-prev/assets/img/blog/blog-2.jpg]
[themepure.net/html/arvilax-prev/assets/img/blog/blog-3.jpg]
[themepure.net/html/arvilax-prev/assets/img/footer/footer-sm-1.jpg]
[themepure.net/html/arvilax-prev/assets/img/footer/footer-sm-2.jpg]
[themepure.net/html/arvilax-prev/assets/img/footer/footer-sm-3.jpg]
[themepure.net/html/arvilax-prev/assets/img/footer/footer-sm-4.jpg]
[themepure.net/cdn-cgi/scripts/5c5dd728/cloudflare-static/email-decode.min.js]
[themepure.net/html/arvilax-prev/assets/js/vendor/jquery.js]
[themepure.net/html/arvilax-prev/assets/js/vendor/waypoints.js]
[themepure.net/html/arvilax-prev/assets/js/bootstrap-bundle.js]
[themepure.net/html/arvilax-prev/assets/js/meanmenu.js]
[themepure.net/html/arvilax-prev/assets/js/swiper-bundle.js]
[themepure.net/html/arvilax-prev/assets/js/slick.js]
[themepure.net/html/arvilax-prev/assets/js/magnific-popup.js]
[themepure.net/html/arvilax-prev/assets/js/parallax.js]
[themepure.net/html/arvilax-prev/assets/js/backtotop.js]
[themepure.net/html/arvilax-prev/assets/js/nice-select.js]
[themepure.net/html/arvilax-prev/assets/js/counterup.js]
[themepure.net/html/arvilax-prev/assets/js/wow.js]
[themepure.net/html/arvilax-prev/assets/js/isotope-pkgd.js]
[themepure.net/html/arvilax-prev/assets/js/imagesloaded-pkgd.js]
[themepure.net/html/arvilax-prev/assets/js/ajax-form.js]
[themepure.net/html/arvilax-prev/assets/js/main.js]
[themepure.net/html/arvilax-prev/index.html]
[themepure.net/html/arvilax-prev/assets/css/bootstrap.css]
[themepure.net/html/arvilax-prev/assets/css/meanmenu.css]
[themepure.net/html/arvilax-prev/assets/css/animate.css]
[themepure.net/html/arvilax-prev/assets/css/swiper-bundle.css]
[themepure.net/html/arvilax-prev/assets/css/slick.css]
[themepure.net/html/arvilax-prev/assets/css/backtotop.css]
[themepure.net/html/arvilax-prev/assets/css/magnific-popup.css]
[themepure.net/html/arvilax-prev/assets/css/nice-select.css]
[themepure.net/html/arvilax-prev/assets/fonts/uicons-bold-rounded.eot]
[themepure.net/html/arvilax-prev/assets/fonts/uicons-bold-rounded.woff2]
[themepure.net/html/arvilax-prev/assets/fonts/uicons-bold-rounded.woff]
[themepure.net/html/arvilax-prev/assets/fonts/uicons-bold-straight.eot]
[themepure.net/html/arvilax-prev/assets/fonts/uicons-bold-straight.woff2]
[themepure.net/html/arvilax-prev/assets/fonts/uicons-bold-straight.woff]
[themepure.net/html/arvilax-prev/assets/fonts/uicons-regular-rounded.eot]
[themepure.net/html/arvilax-prev/assets/fonts/uicons-regular-rounded.woff2]
[themepure.net/html/arvilax-prev/assets/fonts/uicons-regular-rounded.woff]
[themepure.net/html/arvilax-prev/assets/fonts/uicons-regular-straight.eot]
[themepure.net/html/arvilax-prev/assets/fonts/uicons-regular-straight.woff2]
[themepure.net/html/arvilax-prev/assets/fonts/uicons-regular-straight.woff]
[themepure.net/html/arvilax-prev/assets/fonts/uicons-solid-rounded.eot]
[themepure.net/html/arvilax-prev/assets/fonts/uicons-solid-rounded.woff2]
[themepure.net/html/arvilax-prev/assets/fonts/uicons-solid-rounded.woff]
[themepure.net/html/arvilax-prev/assets/fonts/uicons-solid-straight.eot]
[themepure.net/html/arvilax-prev/assets/fonts/uicons-solid-straight.woff2]
[themepure.net/html/arvilax-prev/assets/fonts/uicons-solid-straight.woff]
[themepure.net/html/arvilax-prev/assets/css/ui-icon.css]
[themepure.net/html/arvilax-prev/assets/fonts/fa-brands-400.eot]
[themepure.net/html/arvilax-prev/assets/fonts/fa-brands-400d41d.eot]
[themepure.net/html/arvilax-prev/assets/fonts/fa-brands-400.woff2]
[themepure.net/html/arvilax-prev/assets/fonts/fa-brands-400.woff]
[themepure.net/html/arvilax-prev/assets/fonts/fa-brands-400.ttf]
[themepure.net/html/arvilax-prev/assets/fonts/fa-brands-400.svg]
[themepure.net/html/arvilax-prev/assets/fonts/fa-duotone-900.eot]
[themepure.net/html/arvilax-prev/assets/fonts/fa-duotone-900d41d.eot]
[themepure.net/html/arvilax-prev/assets/fonts/fa-duotone-900.woff2]
[themepure.net/html/arvilax-prev/assets/fonts/fa-duotone-900.woff]
[themepure.net/html/arvilax-prev/assets/fonts/fa-duotone-900.ttf]
[themepure.net/html/arvilax-prev/assets/fonts/fa-duotone-900.svg]
[themepure.net/html/arvilax-prev/assets/fonts/fa-light-300.eot]
[themepure.net/html/arvilax-prev/assets/fonts/fa-light-300d41d.eot]
[themepure.net/html/arvilax-prev/assets/fonts/fa-light-300.woff2]
[themepure.net/html/arvilax-prev/assets/fonts/fa-light-300.woff]
[themepure.net/html/arvilax-prev/assets/fonts/fa-light-300.ttf]
[themepure.net/html/arvilax-prev/assets/fonts/fa-light-300.svg]
[themepure.net/html/arvilax-prev/assets/fonts/fa-regular-400.eot]
[themepure.net/html/arvilax-prev/assets/fonts/fa-regular-400d41d.eot]
[themepure.net/html/arvilax-prev/assets/fonts/fa-regular-400.woff2]
[themepure.net/html/arvilax-prev/assets/fonts/fa-regular-400.woff]
[themepure.net/html/arvilax-prev/assets/fonts/fa-regular-400.ttf]
[themepure.net/html/arvilax-prev/assets/fonts/fa-regular-400.svg]
[themepure.net/html/arvilax-prev/assets/fonts/fa-solid-900.eot]
[themepure.net/html/arvilax-prev/assets/fonts/fa-solid-900d41d.eot]
[themepure.net/html/arvilax-prev/assets/fonts/fa-solid-900.woff2]
[themepure.net/html/arvilax-prev/assets/fonts/fa-solid-900.woff]
[themepure.net/html/arvilax-prev/assets/fonts/fa-solid-900.ttf]
[themepure.net/html/arvilax-prev/assets/fonts/fa-solid-900.svg]
[themepure.net/html/arvilax-prev/assets/css/font-awesome-pro.css]
[themepure.net/html/arvilax-prev/assets/css/spacing.css]
[themepure.net/html/arvilax-prev/assets/css/style.css]
[themepure.net/html/arvilax-prev/index-2.html]
[themepure.net/html/arvilax-prev/assets/css/pe-icon-7-stroke.css]
[themepure.net/html/arvilax-prev/assets/img/logo/logo-black.png]
[themepure.net/html/arvilax-prev/assets/img/bg/hero-bg-3.jpg]
[themepure.net/html/arvilax-prev/assets/img/bg/hero-bg-2.1.jpg]
[themepure.net/html/arvilax-prev/assets/img/bg/hero-bg-3.2.jpg]
[themepure.net/html/arvilax-prev/assets/img/cta/cta.jpg]
[themepure.net/html/arvilax-prev/assets/img/gallery/gallery-4.jpg]
[themepure.net/html/arvilax-prev/assets/img/gallery/gallery-5.jpg]
[themepure.net/html/arvilax-prev/assets/img/gallery/gallery-6.jpg]
[themepure.net/html/arvilax-prev/assets/img/gallery/gallery-7.jpg]
[themepure.net/html/arvilax-prev/assets/img/gallery/8.jpg]
[themepure.net/html/arvilax-prev/assets/img/gallery/gallery-9.png]
[themepure.net/html/arvilax-prev/assets/img/gallery/gallery-10.jpg]
[themepure.net/html/arvilax-prev/assets/img/blog/blog-sm-1.jpg]
[themepure.net/html/arvilax-prev/assets/img/blog/blog-sm-2.jpg]
[themepure.net/html/arvilax-prev/assets/img/blog/blog-sm-3.png]
[themepure.net/html/arvilax-prev/assets/js/mouse-effect.js]
[themepure.net/html/arvilax-prev/index-3.html]
[themepure.net/html/arvilax-prev/assets/img/bg/hero-bg-3.1.jpg]
[themepure.net/html/arvilax-prev/assets/img/about/about-2.png]
[themepure.net/html/arvilax-prev/assets/img/project/project-1.jpg]
[themepure.net/html/arvilax-prev/assets/img/project/project-2.jpg]
[themepure.net/html/arvilax-prev/assets/img/project/project-3.jpg]
[themepure.net/html/arvilax-prev/assets/img/project/project-4.jpg]
[themepure.net/html/arvilax-prev/assets/img/promotion/promotion.jpg]
[themepure.net/html/arvilax-prev/assets/img/promotion/promotion-1.jpg]
[themepure.net/html/arvilax-prev/assets/img/promotion/pt-graph.png]
[themepure.net/html/arvilax-prev/assets/img/contact/contact.jpg]
[themepure.net/html/arvilax-prev/assets/img/blog/blog-5.jpg]
[themepure.net/html/arvilax-prev/assets/img/blog/blog-6.jpg]
[themepure.net/html/arvilax-prev/assets/img/blog/blog-7.jpg]
[themepure.net/html/arvilax-prev/assets/img/blog/blog-8.jpg]
[themepure.net/html/arvilax-prev/index-4.html]
[themepure.net/html/arvilax-prev/assets/img/breadcrumb/breadcrumb-bg-2.jpg]
[themepure.net/html/arvilax-prev/assets/img/about/about-page.png]
[themepure.net/html/arvilax-prev/assets/img/about/dot.jpg]
[themepure.net/html/arvilax-prev/assets/img/bg/feature-bg.jpg]
[themepure.net/html/arvilax-prev/about.html]
[themepure.net/html/arvilax-prev/assets/img/team/team-5.jpg]
[themepure.net/html/arvilax-prev/assets/img/team/team-6.jpg]
[themepure.net/html/arvilax-prev/assets/img/team/team-7.jpg]
[themepure.net/html/arvilax-prev/assets/img/team/team-8.jpg]
[themepure.net/html/arvilax-prev/team.html]
[themepure.net/html/arvilax-prev/assets/img/team/single-team.jpg]
[themepure.net/html/arvilax-prev/team-details.html]
[themepure.net/html/arvilax-prev/assets/img/service/service-bg.jpg]
[themepure.net/html/arvilax-prev/service.html]
[themepure.net/html/arvilax-prev/assets/img/service/service-blog-1.jpg]
[themepure.net/html/arvilax-prev/assets/img/service/service-blog-2.jpg]
[themepure.net/html/arvilax-prev/assets/img/service/service-blog-bg.jpg]
[themepure.net/html/arvilax-prev/service-details.html]
[themepure.net/html/arvilax-prev/price.html]
[themepure.net/html/arvilax-prev/contact.html]
[themepure.net/html/arvilax-prev/faq.html]
[themepure.net/html/arvilax-prev/assets/img/project/item-1.jpg]
[themepure.net/html/arvilax-prev/assets/img/project/item-2.jpg]
[themepure.net/html/arvilax-prev/assets/img/project/item-3.jpg]
[themepure.net/html/arvilax-prev/assets/img/project/item-4.jpg]
[themepure.net/html/arvilax-prev/assets/img/project/item-5.jpg]
[themepure.net/html/arvilax-prev/assets/img/project/item-6.jpg]
[themepure.net/html/arvilax-prev/assets/img/project/item-7.jpg]
[themepure.net/html/arvilax-prev/assets/img/project/item-8.jpg]
[themepure.net/html/arvilax-prev/assets/img/project/item-9.jpg]
[themepure.net/html/arvilax-prev/project.html]
[themepure.net/html/arvilax-prev/assets/img/project/project-details.jpg]
[themepure.net/html/arvilax-prev/project-details.html]
[themepure.net/html/arvilax-prev/assets/img/blog/blog-9.jpg]
[themepure.net/html/arvilax-prev/assets/img/blog/blog-11.jpg]
[themepure.net/html/arvilax-prev/assets/img/blog/blog-slider-1.jpg]
[themepure.net/html/arvilax-prev/assets/img/blog/sidebar/blog-sm-1.jpg]
[themepure.net/html/arvilax-prev/assets/img/blog/sidebar/blog-sm-2.jpg]
[themepure.net/html/arvilax-prev/assets/img/blog/sidebar/blog-sm-3.jpg]
[themepure.net/html/arvilax-prev/assets/img/blog/sidebar/blog-sm-4.jpg]
[themepure.net/html/arvilax-prev/blog.html]
[themepure.net/html/arvilax-prev/assets/img/blog/single-blog.jpg]
[themepure.net/html/arvilax-prev/assets/img/blog/single-blog-2.jpg]
[themepure.net/html/arvilax-prev/assets/img/blog/single-blog-3.jpg]
[themepure.net/html/arvilax-prev/assets/img/blog/comments/comment-1.jpg]
[themepure.net/html/arvilax-prev/assets/img/blog/comments/comment-2.jpg]
[themepure.net/html/arvilax-prev/assets/img/blog/comments/comment-3.jpg]
[themepure.net/html/arvilax-prev/blog-details.html]
[themepure.net/html/arvilax-prev/assets/fonts/fa-brands-400.html]
[themepure.net/html/arvilax-prev/assets/fonts/fa-brands-400d41d.html]
[themepure.net/html/arvilax-prev/assets/fonts/fa-brands-401.html]
[themepure.net/html/arvilax-prev/assets/fonts/fa-brands-402.html]
[themepure.net/html/arvilax-prev/assets/fonts/fa-duotone-900.html]
[themepure.net/html/arvilax-prev/assets/fonts/fa-duotone-900d41d.html]
[themepure.net/html/arvilax-prev/assets/fonts/fa-duotone-901.html]
[themepure.net/html/arvilax-prev/assets/fonts/fa-duotone-902.html]
[themepure.net/html/arvilax-prev/assets/fonts/fa-light-300.html]
[themepure.net/html/arvilax-prev/assets/fonts/fa-light-300d41d.html]
[themepure.net/html/arvilax-prev/assets/fonts/fa-light-301.html]
[themepure.net/html/arvilax-prev/assets/fonts/fa-light-302.html]
[themepure.net/html/arvilax-prev/assets/fonts/fa-regular-400.html]
[themepure.net/html/arvilax-prev/assets/fonts/fa-regular-400d41d.html]
[themepure.net/html/arvilax-prev/assets/fonts/fa-regular-401.html]
[themepure.net/html/arvilax-prev/assets/fonts/fa-regular-402.html]
[themepure.net/html/arvilax-prev/assets/fonts/fa-solid-900.html]
[themepure.net/html/arvilax-prev/assets/fonts/fa-solid-900d41d.html]
[themepure.net/html/arvilax-prev/assets/fonts/fa-solid-901.html]
[themepure.net/html/arvilax-prev/assets/fonts/fa-solid-902.html]
[themepure.net/html/arvilax-prev/assets/fonts/Pe-icon-7-strokebb1d.eot]
[themepure.net/html/arvilax-prev/assets/fonts/Pe-icon-7-stroked41d.eot]
[themepure.net/html/arvilax-prev/assets/fonts/Pe-icon-7-strokebb1d.woff]
[themepure.net/html/arvilax-prev/assets/fonts/Pe-icon-7-strokebb1d.ttf]
[themepure.net/html/arvilax-prev/assets/css/pe-icon-7-stroke.css]
[themepure.net/html/arvilax-prev/assets/fonts/Pe-icon-7-strokebb1d.svg]
[themepure.net/html/arvilax-prev/assets/fonts/Pe-icon-7-strokebb1d.svg]
