[milothemes.com/milo/milo-preview/index-slider.html]
[backblue.gif]
[fade.gif]
[index.html]
[milothemes.com/milo/milo-preview/images/icons/favicon.png]
[milothemes.com/milo/milo-preview/images/icons/apple-touch-57x57.png]
[milothemes.com/milo/milo-preview/images/icons/apple-touch-72x72.png]
[milothemes.com/milo/milo-preview/images/icons/apple-touch-114x114.png]
[milothemes.com/milo/milo-preview/images/icons/apple-touch-144x144.png]
[milothemes.com/milo/milo-preview/images/backgrounds/logo.png]
[milothemes.com/milo/milo-preview/images/backgrounds/image-megamenu.jpg]
[milothemes.com/milo/milo-preview/index-image.html]
[milothemes.com/milo/milo-preview/index-parallax.html]
[milothemes.com/milo/milo-preview/index-video.html]
[milothemes.com/milo/milo-preview/index-slider-fullscreen.html]
[milothemes.com/milo/milo-preview/index-image-fullscreen.html]
[milothemes.com/milo/milo-preview/index-parallax-fullscreen.html]
[milothemes.com/milo/milo-preview/index-video-fullscreen.html]
[milothemes.com/milo/milo-preview/index-slider-onepage.html]
[milothemes.com/milo/milo-preview/index-image-onepage.html]
[milothemes.com/milo/milo-preview/index-parallax-onepage.html]
[milothemes.com/milo/milo-preview/index-video-onepage.html]
[milothemes.com/milo/milo-preview/about-us.html]
[milothemes.com/milo/milo-preview/services.html]
[milothemes.com/milo/milo-preview/single-service.html]
[milothemes.com/milo/milo-preview/elements.html]
[milothemes.com/milo/milo-preview/menu-dark.html]
[milothemes.com/milo/milo-preview/page-header-dark.html]
[milothemes.com/milo/milo-preview/page-header-dark-2.html]
[milothemes.com/milo/milo-preview/testimonials.html]
[milothemes.com/milo/milo-preview/price-plan.html]
[milothemes.com/milo/milo-preview/error-page.html]
[milothemes.com/milo/milo-preview/portfolio-classic.html]
[milothemes.com/milo/milo-preview/portfolio-filterable.html]
[milothemes.com/milo/milo-preview/portfolio-filterable-2.html]
[milothemes.com/milo/milo-preview/portfolio-masonry.html]
[milothemes.com/milo/milo-preview/portfolio-parallax.html]
[milothemes.com/milo/milo-preview/portfolio-wide.html]
[milothemes.com/milo/milo-preview/portfolio-single.html]
[milothemes.com/milo/milo-preview/portfolio-single-2.html]
[milothemes.com/milo/milo-preview/blog-classic.html]
[milothemes.com/milo/milo-preview/blog-columns.html]
[milothemes.com/milo/milo-preview/blog-masonry.html]
[milothemes.com/milo/milo-preview/blog-post.html]
[milothemes.com/milo/milo-preview/contact.html]
[milothemes.com/milo/milo-preview/contact-2.html]
[milothemes.com/milo/milo-preview/images/index/revolution-slider/bg-slide-1.jpg]
[milothemes.com/milo/milo-preview/images/index/revolution-slider/slide-1-image-1.png]
[milothemes.com/milo/milo-preview/images/index/revolution-slider/slide-1-image-2.png]
[milothemes.com/milo/milo-preview/images/index/revolution-slider/slide-1-image-3.png]
[milothemes.com/milo/milo-preview/images/index/revolution-slider/slide-1-image-4.png]
[milothemes.com/milo/milo-preview/images/index/revolution-slider/slide-1-image-5.png]
[milothemes.com/milo/milo-preview/images/index/revolution-slider/bg-slide-2.jpg]
[milothemes.com/milo/milo-preview/images/index/revolution-slider/slide-2-image-1.png]
[milothemes.com/milo/milo-preview/images/index/revolution-slider/bg-slide-3.jpg]
[milothemes.com/milo/milo-preview/images/index/revolution-slider/slide-3-image-1.png]
[milothemes.com/milo/milo-preview/images/index/info-slider/image-1.png]
[milothemes.com/milo/milo-preview/images/index/info-slider/image-2.png]
[milothemes.com/milo/milo-preview/images/index/info-slider/image-3.png]
[milothemes.com/milo/milo-preview/images/testimonials/image-1.jpg]
[milothemes.com/milo/milo-preview/images/testimonials/image-2.jpg]
[milothemes.com/milo/milo-preview/images/testimonials/image-3.jpg]
[milothemes.com/milo/milo-preview/images/portfolio/image-1.jpg]
[milothemes.com/milo/milo-preview/images/portfolio/image-2.jpg]
[milothemes.com/milo/milo-preview/images/portfolio/image-3.jpg]
[milothemes.com/milo/milo-preview/images/portfolio/image-4.jpg]
[milothemes.com/milo/milo-preview/images/index/project-slider/bg-slide-1.jpg]
[milothemes.com/milo/milo-preview/images/index/project-slider/bg-slide-2.jpg]
[milothemes.com/milo/milo-preview/images/index/project-slider/bg-slide-3.jpg]
[milothemes.com/milo/milo-preview/images/index/project-slider/bg-slide-4.jpg]
[milothemes.com/milo/milo-preview/images/blog/blog-post/news-1.jpg]
[milothemes.com/milo/milo-preview/images/blog/blog-post/news-2.jpg]
[milothemes.com/milo/milo-preview/images/blog/blog-post/news-3.jpg]
[milothemes.com/milo/milo-preview/assets/js/jquery-2.1.3.min.js]
[milothemes.com/milo/milo-preview/assets/js/bootstrap.min.js]
[milothemes.com/milo/milo-preview/assets/js/viewport/jquery.viewport.js]
[milothemes.com/milo/milo-preview/assets/js/menu/hoverIntent.js]
[milothemes.com/milo/milo-preview/assets/js/menu/superfish.js]
[milothemes.com/milo/milo-preview/assets/js/fancybox/jquery.fancybox.pack.js]
[milothemes.com/milo/milo-preview/assets/js/revolutionslider/js/jquery.themepunch.tools.min.js]
[milothemes.com/milo/milo-preview/assets/js/revolutionslider/js/jquery.themepunch.revolution.min.js]
[milothemes.com/milo/milo-preview/assets/js/bxslider/jquery.bxslider.min.js]
[milothemes.com/milo/milo-preview/assets/js/parallax/jquery.parallax-scroll.min.js]
[milothemes.com/milo/milo-preview/assets/js/isotope/imagesloaded.pkgd.min.js]
[milothemes.com/milo/milo-preview/assets/js/isotope/isotope.pkgd.min.js]
[milothemes.com/milo/milo-preview/assets/js/placeholders/jquery.placeholder.min.js]
[milothemes.com/milo/milo-preview/assets/js/validate/jquery.validate.min.js]
[milothemes.com/milo/milo-preview/assets/js/submit/jquery.form.min.js]
[milothemes.com/milo/milo-preview/assets/js/googlemaps/jquery.gmap.min.js]
[milothemes.com/milo/milo-preview/assets/js/charts/chart.min.js]
[milothemes.com/milo/milo-preview/assets/js/charts/jquery.easypiechart.min.js]
[milothemes.com/milo/milo-preview/assets/js/counter/jQuerySimpleCounter.js]
[milothemes.com/milo/milo-preview/assets/js/ytplayer/jquery.mb.YTPlayer.js]
[milothemes.com/milo/milo-preview/assets/js/twitter/twitterfetcher.js]
[milothemes.com/milo/milo-preview/assets/js/animations/wow.min.js]
[milothemes.com/milo/milo-preview/assets/js/custom.js]
[milothemes.com/milo/milo-preview/assets/js/style-switcher/jquery.cookie.js]
[milothemes.com/milo/milo-preview/assets/js/style-switcher/style-switcher.js]
[milothemes.com/milo/milo-preview/index-slider.html]
[milothemes.com/milo/milo-preview/assets/fonts/glyphicons-halflings-regular.eot]
[milothemes.com/milo/milo-preview/assets/fonts/glyphicons-halflings-regulard41d.eot]
[milothemes.com/milo/milo-preview/assets/fonts/glyphicons-halflings-regular.woff2]
[milothemes.com/milo/milo-preview/assets/fonts/glyphicons-halflings-regular.woff]
[milothemes.com/milo/milo-preview/assets/fonts/glyphicons-halflings-regular.ttf]
[milothemes.com/milo/milo-preview/assets/css/bootstrap.min.css]
[milothemes.com/milo/milo-preview/assets/fontawesome/fonts/fontawesome-webfont3e6e.eot]
[milothemes.com/milo/milo-preview/assets/fontawesome/fonts/fontawesome-webfontd41d.eot]
[milothemes.com/milo/milo-preview/assets/fontawesome/fonts/fontawesome-webfont3e6e.woff2]
[milothemes.com/milo/milo-preview/assets/fontawesome/fonts/fontawesome-webfont3e6e.woff]
[milothemes.com/milo/milo-preview/assets/fontawesome/fonts/fontawesome-webfont3e6e.ttf]
[milothemes.com/milo/milo-preview/assets/fontawesome/css/font-awesome.min.css]
[milothemes.com/milo/milo-preview/assets/miuiconfont/fonts/miu-icon-font0607.eot]
[milothemes.com/milo/milo-preview/assets/miuiconfont/fonts/miu-icon-fontd41d.eot]
[milothemes.com/milo/milo-preview/assets/miuiconfont/fonts/miu-icon-font0607.woff]
[milothemes.com/milo/milo-preview/assets/miuiconfont/fonts/miu-icon-font0607.ttf]
[milothemes.com/milo/milo-preview/assets/miuiconfont/miuiconfont.css]
[milothemes.com/milo/milo-preview/assets/js/fancybox/fancybox_sprite.png]
[milothemes.com/milo/milo-preview/assets/js/fancybox/fancybox_loading.gif]
[milothemes.com/milo/milo-preview/assets/js/fancybox/blank.gif]
[milothemes.com/milo/milo-preview/assets/js/fancybox/fancybox_overlay.png]
[milothemes.com/milo/milo-preview/assets/js/fancybox/fancybox_sprite-2x.png]
[milothemes.com/milo/milo-preview/assets/js/fancybox/fancybox_loading-2x.gif]
[milothemes.com/milo/milo-preview/assets/js/fancybox/jquery.fancybox.css]
[milothemes.com/milo/milo-preview/assets/js/revolutionslider/images/gradient/g30.png]
[milothemes.com/milo/milo-preview/assets/js/revolutionslider/images/gradient/g40.png]
[milothemes.com/milo/milo-preview/assets/js/revolutionslider/assets/shadow1.png]
[milothemes.com/milo/milo-preview/assets/js/revolutionslider/assets/shadow2.png]
[milothemes.com/milo/milo-preview/assets/js/revolutionslider/assets/shadow3.png]
[milothemes.com/milo/milo-preview/assets/js/revolutionslider/assets/gridtile.png]
[milothemes.com/milo/milo-preview/assets/js/revolutionslider/assets/gridtile_white.png]
[milothemes.com/milo/milo-preview/assets/js/revolutionslider/assets/gridtile_3x3.png]
[milothemes.com/milo/milo-preview/assets/js/revolutionslider/assets/gridtile_3x3_white.png]
[milothemes.com/milo/milo-preview/assets/js/revolutionslider/assets/boxed_bgtile.png]
[milothemes.com/milo/milo-preview/assets/js/revolutionslider/assets/navigdots_bgtile.png]
[milothemes.com/milo/milo-preview/assets/js/revolutionslider/assets/bullet.png]
[milothemes.com/milo/milo-preview/assets/js/revolutionslider/assets/bullets.png]
[milothemes.com/milo/milo-preview/assets/js/revolutionslider/assets/bullets2.png]
[milothemes.com/milo/milo-preview/assets/js/revolutionslider/assets/bullet_boxed.png]
[milothemes.com/milo/milo-preview/assets/js/revolutionslider/assets/navigdots.png]
[milothemes.com/milo/milo-preview/assets/js/revolutionslider/assets/large_left.png]
[milothemes.com/milo/milo-preview/assets/js/revolutionslider/assets/large_right.png]
[milothemes.com/milo/milo-preview/assets/js/revolutionslider/assets/small_left.png]
[milothemes.com/milo/milo-preview/assets/js/revolutionslider/assets/small_right.png]
[milothemes.com/milo/milo-preview/assets/js/revolutionslider/assets/arrow_left.png]
[milothemes.com/milo/milo-preview/assets/js/revolutionslider/assets/arrow_right.png]
[milothemes.com/milo/milo-preview/assets/js/revolutionslider/assets/small_left_boxed.png]
[milothemes.com/milo/milo-preview/assets/js/revolutionslider/assets/small_right_boxed.png]
[milothemes.com/milo/milo-preview/assets/js/revolutionslider/assets/arrowleft.png]
[milothemes.com/milo/milo-preview/assets/js/revolutionslider/assets/arrowright.png]
[milothemes.com/milo/milo-preview/assets/js/revolutionslider/assets/arrow_left2.png]
[milothemes.com/milo/milo-preview/assets/js/revolutionslider/assets/arrow_right2.png]
[milothemes.com/milo/milo-preview/assets/js/revolutionslider/assets/timer.png]
[milothemes.com/milo/milo-preview/assets/js/revolutionslider/assets/coloredbg.png]
[milothemes.com/milo/milo-preview/assets/js/revolutionslider/assets/loader.gif]
[milothemes.com/milo/milo-preview/assets/js/revolutionslider/font/revicons90c6.eot]
[milothemes.com/milo/milo-preview/assets/js/revolutionslider/font/revicons90c6.woff]
[milothemes.com/milo/milo-preview/assets/js/revolutionslider/font/revicons90c6.ttf]
[milothemes.com/milo/milo-preview/assets/js/revolutionslider/css/settings.css]
[milothemes.com/milo/milo-preview/assets/js/bxslider/images/bx_loader.gif]
[milothemes.com/milo/milo-preview/assets/js/bxslider/images/controls.png]
[milothemes.com/milo/milo-preview/assets/js/bxslider/jquery.bxslider.css]
[milothemes.com/milo/milo-preview/assets/js/ytplayer/css/ytp-regular.eot]
[milothemes.com/milo/milo-preview/assets/js/ytplayer/css/ytp-regular.woff]
[milothemes.com/milo/milo-preview/assets/js/ytplayer/css/ytp-regular.ttf]
[milothemes.com/milo/milo-preview/assets/js/ytplayer/images/raster.png]
[milothemes.com/milo/milo-preview/assets/js/ytplayer/images/raster_dot.png]
[milothemes.com/milo/milo-preview/assets/js/ytplayer/css/YTPlayer.css]
[milothemes.com/milo/milo-preview/assets/js/animations/animate.min.css]
[milothemes.com/milo/milo-preview/images/backgrounds/bg-1.jpg]
[milothemes.com/milo/milo-preview/images/backgrounds/bg-2.jpg]
[milothemes.com/milo/milo-preview/images/backgrounds/bg-7.jpg]
[milothemes.com/milo/milo-preview/images/backgrounds/bg-3.jpg]
[milothemes.com/milo/milo-preview/images/backgrounds/bg-4.jpg]
[milothemes.com/milo/milo-preview/images/backgrounds/bg-5.jpg]
[milothemes.com/milo/milo-preview/images/backgrounds/prev.png]
[milothemes.com/milo/milo-preview/images/backgrounds/next.png]
[milothemes.com/milo/milo-preview/images/backgrounds/search.png]
[milothemes.com/milo/milo-preview/images/backgrounds/arrow.png]
[milothemes.com/milo/milo-preview/assets/css/custom.css]
[milothemes.com/milo/milo-preview/images/backgrounds/pattern-1.png]
[milothemes.com/milo/milo-preview/images/backgrounds/bg-megamenu.jpg]
[milothemes.com/milo/milo-preview/images/backgrounds/bg-megamenu-dark.jpg]
[milothemes.com/milo/milo-preview/images/backgrounds/search-2.png]
[milothemes.com/milo/milo-preview/images/backgrounds/arrow-2.png]
[milothemes.com/milo/milo-preview/images/backgrounds/pattern.png]
[milothemes.com/milo/milo-preview/assets/css/pages-style.css]
[milothemes.com/milo/milo-preview/images/backgrounds/pattern-2.png]
[milothemes.com/milo/milo-preview/images/backgrounds/pattern-3.png]
[milothemes.com/milo/milo-preview/images/backgrounds/pattern-4.png]
[milothemes.com/milo/milo-preview/images/backgrounds/pattern-5.png]
[milothemes.com/milo/milo-preview/images/backgrounds/pattern-6.png]
[milothemes.com/milo/milo-preview/images/backgrounds/pattern-7.png]
[milothemes.com/milo/milo-preview/images/backgrounds/pattern-8.png]
[milothemes.com/milo/milo-preview/images/backgrounds/pattern-9.png]
[milothemes.com/milo/milo-preview/images/backgrounds/pattern-10.png]
[milothemes.com/milo/milo-preview/assets/js/style-switcher/style-switcher.css]
[milothemes.com/milo/milo-preview/index-image.html]
[milothemes.com/milo/milo-preview/images/backgrounds/bg-6.jpg]
[milothemes.com/milo/milo-preview/images/blog/image-8.jpg]
[milothemes.com/milo/milo-preview/images/blog/image-9.jpg]
[milothemes.com/milo/milo-preview/images/blog/image-10.jpg]
[milothemes.com/milo/milo-preview/more-blog-articles.html]
[milothemes.com/milo/milo-preview/images/logos/image-1.png]
[milothemes.com/milo/milo-preview/images/logos/image-2.png]
[milothemes.com/milo/milo-preview/images/logos/image-3.png]
[milothemes.com/milo/milo-preview/images/logos/image-4.png]
[milothemes.com/milo/milo-preview/images/logos/image-5.png]
[milothemes.com/milo/milo-preview/index-parallax.html]
[milothemes.com/milo/milo-preview/images/portfolio/image-8.jpg]
[milothemes.com/milo/milo-preview/images/portfolio/image-9.jpg]
[milothemes.com/milo/milo-preview/images/portfolio/image-25.jpg]
[milothemes.com/milo/milo-preview/images/portfolio/image-20.jpg]
[milothemes.com/milo/milo-preview/images/portfolio/image-21.jpg]
[milothemes.com/milo/milo-preview/images/portfolio/image-11.jpg]
[milothemes.com/milo/milo-preview/images/portfolio/image-19.jpg]
[milothemes.com/milo/milo-preview/images/portfolio/image-10.jpg]
[milothemes.com/milo/milo-preview/images/portfolio/image-22.jpg]
[milothemes.com/milo/milo-preview/images/portfolio/image-17.jpg]
[milothemes.com/milo/milo-preview/images/blog/image-14.jpg]
[milothemes.com/milo/milo-preview/images/blog/image-6.jpg]
[milothemes.com/milo/milo-preview/images/blog/image-16.jpg]
[milothemes.com/milo/milo-preview/index-video.html]
[milothemes.com/milo/milo-preview/index-slider-fullscreen.html]
[milothemes.com/milo/milo-preview/index-image-fullscreen.html]
[milothemes.com/milo/milo-preview/index-parallax-fullscreen.html]
[milothemes.com/milo/milo-preview/index-video-fullscreen.html]
[milothemes.com/milo/milo-preview/images/about/tabs/image-1.jpg]
[milothemes.com/milo/milo-preview/images/about/tabs/image-2.jpg]
[milothemes.com/milo/milo-preview/images/about/tabs/image-3.jpg]
[milothemes.com/milo/milo-preview/images/about/team/image-1.jpg]
[milothemes.com/milo/milo-preview/images/about/team/image-2.jpg]
[milothemes.com/milo/milo-preview/images/about/team/image-3.jpg]
[milothemes.com/milo/milo-preview/images/portfolio/image-26.jpg]
[milothemes.com/milo/milo-preview/images/portfolio/image-27.jpg]
[milothemes.com/milo/milo-preview/images/portfolio/image-28.jpg]
[milothemes.com/milo/milo-preview/more-projects-2.html]
[milothemes.com/milo/milo-preview/images/blog/image-5.jpg]
[milothemes.com/milo/milo-preview/images/blog/image-7.jpg]
[milothemes.com/milo/milo-preview/index-slider-onepage.html]
[milothemes.com/milo/milo-preview/index-image-onepage.html]
[milothemes.com/milo/milo-preview/index-parallax-onepage.html]
[milothemes.com/milo/milo-preview/index-video-onepage.html]
[milothemes.com/milo/milo-preview/images/about/image-1.jpg]
[milothemes.com/milo/milo-preview/about-us.html]
[milothemes.com/milo/milo-preview/services.html]
[milothemes.com/milo/milo-preview/images/services/image-1.png]
[milothemes.com/milo/milo-preview/images/services/tabs/image-1.jpg]
[milothemes.com/milo/milo-preview/images/services/tabs/image-2.jpg]
[milothemes.com/milo/milo-preview/images/services/tabs/image-3.jpg]
[milothemes.com/milo/milo-preview/single-service.html]
[milothemes.com/milo/milo-preview/images/blog/blog-post/post-1.jpg]
[milothemes.com/milo/milo-preview/images/blog/blog-post/post-2.jpg]
[milothemes.com/milo/milo-preview/images/blog/blog-post/post-3.jpg]
[milothemes.com/milo/milo-preview/images/blog/blog-post/post-4.jpg]
[milothemes.com/milo/milo-preview/elements.html]
[milothemes.com/milo/milo-preview/menu-dark.html]
[milothemes.com/milo/milo-preview/page-header-dark.html]
[milothemes.com/milo/milo-preview/page-header-dark-2.html]
[milothemes.com/milo/milo-preview/testimonials.html]
[milothemes.com/milo/milo-preview/price-plan.html]
[milothemes.com/milo/milo-preview/error-page.html]
[milothemes.com/milo/milo-preview/images/portfolio/image-5.jpg]
[milothemes.com/milo/milo-preview/images/portfolio/image-6.jpg]
[milothemes.com/milo/milo-preview/images/portfolio/image-7.jpg]
[milothemes.com/milo/milo-preview/portfolio-classic.html]
[milothemes.com/milo/milo-preview/images/portfolio/image-12.jpg]
[milothemes.com/milo/milo-preview/images/portfolio/image-13.jpg]
[milothemes.com/milo/milo-preview/more-projects.html]
[milothemes.com/milo/milo-preview/portfolio-filterable.html]
[milothemes.com/milo/milo-preview/images/portfolio/image-18.jpg]
[milothemes.com/milo/milo-preview/portfolio-filterable-2.html]
[milothemes.com/milo/milo-preview/portfolio-masonry.html]
[milothemes.com/milo/milo-preview/images/portfolio/image-29.jpg]
[milothemes.com/milo/milo-preview/images/portfolio/image-30.jpg]
[milothemes.com/milo/milo-preview/images/portfolio/image-31.jpg]
[milothemes.com/milo/milo-preview/images/portfolio/image-32.jpg]
[milothemes.com/milo/milo-preview/portfolio-parallax.html]
[milothemes.com/milo/milo-preview/images/portfolio/image-23.jpg]
[milothemes.com/milo/milo-preview/images/portfolio/image-24.jpg]
[milothemes.com/milo/milo-preview/portfolio-wide.html]
[milothemes.com/milo/milo-preview/images/portfolio/slider/image-1.jpg]
[milothemes.com/milo/milo-preview/images/portfolio/slider/image-2.jpg]
[milothemes.com/milo/milo-preview/images/portfolio/slider/image-3.jpg]
[milothemes.com/milo/milo-preview/portfolio-single.html]
[milothemes.com/milo/milo-preview/portfolio-single-2.html]
[milothemes.com/milo/milo-preview/images/blog/image-1.jpg]
[milothemes.com/milo/milo-preview/images/blog/image-2.jpg]
[milothemes.com/milo/milo-preview/images/blog/image-3.jpg]
[milothemes.com/milo/milo-preview/images/blog/image-4.jpg]
[milothemes.com/milo/milo-preview/images/blog/blog-post/post-5.jpg]
[milothemes.com/milo/milo-preview/images/blog/blog-post/post-6.jpg]
[milothemes.com/milo/milo-preview/images/blog/blog-post/image-1.jpg]
[milothemes.com/milo/milo-preview/images/blog/blog-post/image-2.jpg]
[milothemes.com/milo/milo-preview/images/blog/blog-post/image-3.jpg]
[milothemes.com/milo/milo-preview/blog-classic.html]
[milothemes.com/milo/milo-preview/blog-columns.html]
[milothemes.com/milo/milo-preview/images/blog/image-15.jpg]
[milothemes.com/milo/milo-preview/images/blog/image-17.jpg]
[milothemes.com/milo/milo-preview/blog-masonry.html]
[milothemes.com/milo/milo-preview/images/blog/blog-post/author-1.jpg]
[milothemes.com/milo/milo-preview/images/blog/blog-post/author-2.jpg]
[milothemes.com/milo/milo-preview/images/blog/blog-post/author-3.jpg]
[milothemes.com/milo/milo-preview/blog-post.html]
[milothemes.com/milo/milo-preview/contact.html]
[milothemes.com/milo/milo-preview/contact-2.html]
[milothemes.com/milo/milo-preview/assets/fonts/glyphicons-halflings-regular.svg]
[milothemes.com/milo/milo-preview/assets/fontawesome/fonts/fontawesome-webfont3e6e.svg]
[milothemes.com/milo/milo-preview/assets/miuiconfont/fonts/miu-icon-font0607.svg]
[milothemes.com/milo/milo-preview/assets/js/revolutionslider/font/revicons90c6.svg]
[milothemes.com/milo/milo-preview/assets/js/ytplayer/images/raster@2x.html]
[milothemes.com/milo/milo-preview/assets/js/ytplayer/images/raster_dot@2x.html]
[milothemes.com/milo/milo-preview/images/blog/image-11.jpg]
[milothemes.com/milo/milo-preview/images/blog/image-12.jpg]
[milothemes.com/milo/milo-preview/images/blog/image-13.jpg]
[milothemes.com/milo/milo-preview/more-blog-articles.html]
[milothemes.com/milo/milo-preview/images/portfolio/image-14.jpg]
[milothemes.com/milo/milo-preview/images/portfolio/image-15.jpg]
[milothemes.com/milo/milo-preview/images/portfolio/image-16.jpg]
[milothemes.com/milo/milo-preview/more-projects-2.html]
[milothemes.com/milo/milo-preview/more-projects.html]
